2020-08-10 17:46:43,098 : INFO : Machine : Mission Pinball Framework Core Engine v0.53.3
2020-08-10 17:46:43,098 : INFO : Machine : Command line arguments: {'no_load_cache': False, 'create_config_cache': True, 'bcp': True, 'configfile': ['config.yaml'], 'mpfconfigfile': 'c:\\users\\david\\appdata\\local\\programs\\python\\python36-32\\lib\\site-packages\\mpf\\mpfconfig.yaml', 'force_assets_load': False, 'jsonlogging': False, 'logfile': 'logs\\2020-08-10-17-46-43-mpf-OldAshley.log', 'pause': False, 'production': False, 'text_ui': True, 'loglevel': 15, 'consoleloglevel': 20, 'force_platform': None, 'syslog_address': None, 'mc_file_name': None, 'no_sound': False}
2020-08-10 17:46:43,098 : INFO : Machine : MPF path: c:\users\david\appdata\local\programs\python\python36-32\lib\site-packages\mpf
2020-08-10 17:46:43,098 : INFO : Machine : Machine path: C:\Pinball\My_Design\MPF\newTri Zone
2020-08-10 17:46:43,098 : INFO : Machine : Platform: win32
2020-08-10 17:46:43,098 : INFO : Machine : Python executable location: c:\users\david\appdata\local\programs\python\python36-32\python.exe
2020-08-10 17:46:43,098 : INFO : Machine : Python version: 3.6.4 (32-bit)
2020-08-10 17:46:43,098 : INFO : Machine : Machine config file #1: config.yaml
2020-08-10 17:46:43,098 : INFO : ConfigProcessor : Loading config from cache: C:\Users\David\AppData\Local\Temp\090aa8583f8fe9f0b07f6c896ac69517.mpf_cache
2020-08-10 17:46:43,098 : INFO : Machine : Initialise MPF.
2020-08-10 17:46:43,987 : INFO : ConfigValidator : Config spec file cache created: C:\Users\David\AppData\Local\Temp\config_spec.mpf_cache
2020-08-10 17:46:44,237 : INFO : EventManager : Event: ======'machine_var_credits_string'====== Args={'value': 'Free Play', 'prev_value': None, 'change': True}
2020-08-10 17:46:44,330 : INFO : EventManager : Event: ======'machine_var_free_play'====== Args={'value': False, 'prev_value': None, 'change': True}
2020-08-10 17:46:44,330 : INFO : EventManager : Event: ======'machine_var_last_match_no'====== Args={'value': 13, 'prev_value': None, 'change': True}
2020-08-10 17:46:44,330 : INFO : EventManager : Event: ======'machine_var_player1_score'====== Args={'value': 15000, 'prev_value': None, 'change': True}
2020-08-10 17:46:44,330 : INFO : EventManager : Event: ======'machine_var_player2_score'====== Args={'value': 2110, 'prev_value': None, 'change': True}
2020-08-10 17:46:44,330 : INFO : EventManager : Event: ======'machine_var_fred'====== Args={'value': 7, 'prev_value': None, 'change': True}
2020-08-10 17:46:44,330 : INFO : EventManager : Event: ======'machine_var_mpf_version'====== Args={'value': 'MPF v0.53.3', 'prev_value': None, 'change': True}
2020-08-10 17:46:44,330 : INFO : EventManager : Event: ======'machine_var_mpf_extended_version'====== Args={'value': 'MPF v0.53.3, Config version:5, Show version: 5, BCP version:1.1', 'prev_value': None, 'change': True}
2020-08-10 17:46:44,330 : INFO : EventManager : Event: ======'machine_var_python_version'====== Args={'value': '3.6.4', 'prev_value': None, 'change': True}
2020-08-10 17:46:44,330 : INFO : EventManager : Event: ======'machine_var_platform'====== Args={'value': 'Windows-7-6.1.7601-SP1', 'prev_value': None, 'change': True}
2020-08-10 17:46:44,330 : INFO : EventManager : Event: ======'machine_var_platform_system'====== Args={'value': 'Windows', 'prev_value': None, 'change': True}
2020-08-10 17:46:44,330 : INFO : EventManager : Event: ======'machine_var_platform_release'====== Args={'value': '7', 'prev_value': None, 'change': True}
2020-08-10 17:46:44,330 : INFO : EventManager : Event: ======'machine_var_platform_version'====== Args={'value': '6.1.7601', 'prev_value': None, 'change': True}
2020-08-10 17:46:44,330 : INFO : EventManager : Event: ======'machine_var_platform_machine'====== Args={'value': 'x86', 'prev_value': None, 'change': True}
2020-08-10 17:46:44,330 : INFO : EventManager : Event: ======'init_phase_1'====== Args={}
2020-08-10 17:46:44,393 : INFO : ConfigProcessor : Loading config from cache: C:\Users\David\AppData\Local\Temp\704c0765c01b4eb40fcad6c22ee2731c.mpf_cache
2020-08-10 17:46:44,408 : INFO : ConfigProcessor : Loading config from cache: C:\Users\David\AppData\Local\Temp\a13c0e5504277bf0eb37a4d62ac7afb2.mpf_cache
2020-08-10 17:46:44,424 : INFO : ConfigProcessor : Loading config from cache: C:\Users\David\AppData\Local\Temp\4a4771395d032b60caf9971b3f00a513.mpf_cache
2020-08-10 17:46:44,439 : INFO : ConfigProcessor : Loading config from cache: C:\Users\David\AppData\Local\Temp\8780f2e21aa9f9e524805abaf2588737.mpf_cache
2020-08-10 17:46:44,455 : INFO : ConfigProcessor : Loading config from cache: C:\Users\David\AppData\Local\Temp\b0959dff92b6ac644449a922e0afb775.mpf_cache
2020-08-10 17:46:44,471 : INFO : ConfigProcessor : Loading config from cache: C:\Users\David\AppData\Local\Temp\2e9be1d908eacd9bf49a3ca349e7efd4.mpf_cache
2020-08-10 17:46:44,486 : INFO : ConfigProcessor : Loading config from cache: C:\Users\David\AppData\Local\Temp\30f9da1698037d1a389ca79d4ed8d2b4.mpf_cache
2020-08-10 17:46:44,502 : INFO : ConfigProcessor : Loading config from cache: C:\Users\David\AppData\Local\Temp\89c524e8a8e207f0491dcd02176f5dd1.mpf_cache
2020-08-10 17:46:44,517 : WARNING : ConfigProcessor : Config file in cache changed: C:\Pinball\My_Design\MPF\newTri Zone\modes\game\config\game.yaml
2020-08-10 17:46:44,517 : INFO : ConfigProcessor : Loading config from file c:\users\david\appdata\local\programs\python\python36-32\lib\site-packages\mpf\modes\game\config\game.yaml.
2020-08-10 17:46:44,517 : INFO : ConfigProcessor : Loading config: c:\users\david\appdata\local\programs\python\python36-32\lib\site-packages\mpf\modes\game\config\game.yaml
2020-08-10 17:46:44,517 : INFO : ConfigProcessor : Loading config from file C:\Pinball\My_Design\MPF\newTri Zone\modes\game\config\game.yaml.
2020-08-10 17:46:44,549 : INFO : ConfigProcessor : Loading config: C:\Pinball\My_Design\MPF\newTri Zone\modes\game\config\game.yaml
2020-08-10 17:46:44,549 : INFO : ConfigProcessor : Config file cache created: C:\Users\David\AppData\Local\Temp\b2192295ad3e067629d2e6db1e4ef9af.mpf_cache
2020-08-10 17:46:44,564 : INFO : ConfigProcessor : Loading config from cache: C:\Users\David\AppData\Local\Temp\70068b497565834b9e55d3e732363c3b.mpf_cache
2020-08-10 17:46:44,580 : INFO : ConfigProcessor : Loading config from cache: C:\Users\David\AppData\Local\Temp\58459d5dfb6e786ae12e11f6a63c31cf.mpf_cache
2020-08-10 17:46:44,595 : INFO : ConfigProcessor : Loading config from cache: C:\Users\David\AppData\Local\Temp\9e4f46841bd48541df537a1fdb1bcaad.mpf_cache
2020-08-10 17:46:44,658 : INFO : EventManager : Event: ======'drop_target_bank_ZONE_drops_up'====== Args={}
2020-08-10 17:46:44,658 : INFO : EventManager : Event: ======'init_phase_2'====== Args={}
2020-08-10 17:46:44,658 : INFO : SwitchController : Found active switch: (1010, <Platform.SmartVirtual>)
2020-08-10 17:46:44,689 : INFO : EventManager : Event: ======'machine_var_score1_label'====== Args={'value': 'HighestMan', 'prev_value': None, 'change': True}
2020-08-10 17:46:44,689 : INFO : EventManager : Event: ======'machine_var_score1_name'====== Args={'value': 'DRx', 'prev_value': None, 'change': True}
2020-08-10 17:46:44,689 : INFO : EventManager : Event: ======'machine_var_score1_value'====== Args={'value': 48000, 'prev_value': None, 'change': True}
2020-08-10 17:46:44,689 : INFO : EventManager : Event: ======'bcp_connection_attempt'====== Args={'name': 'local_display', 'host': 'localhost', 'port': 5050}
2020-08-10 17:46:44,689 : INFO : BCPClientSocket : Connecting BCP to 'local_display' at localhost:5050...
2020-08-10 17:46:49,959 : INFO : BCPClientSocket : Connected BCP to 'local_display' localhost:5050
2020-08-10 17:46:49,960 : INFO : EventManager : Event: ======'bcp_clients_connected'====== Args={}
2020-08-10 17:46:49,983 : INFO : EventManager : Event: ======'machine_var_mc_version'====== Args={'value': 'MPF-MC v0.53.0', 'prev_value': None, 'change': True}
2020-08-10 17:46:49,984 : INFO : EventManager : Event: ======'machine_var_mc_extended_version'====== Args={'value': 'MPF-MC v0.53.0 (config_version=5, BCP v1.1, Requires MPF v0.53.0)', 'prev_value': None, 'change': True}
2020-08-10 17:46:49,989 : INFO : EventManager : Event: ======'machine_var_master_volume'====== Args={'value': 0.5, 'prev_value': None, 'change': True}
2020-08-10 17:46:50,044 : INFO : EventManager : Event: ======'init_phase_3'====== Args={}
2020-08-10 17:46:50,046 : INFO : AssetManager : Registering Asset: bonus_light_show, File: bonus_light_show.yaml, Default Group: default, Final Config: {'load': 'preload', 'file': 'C:\\Pinball\\My_Design\\MPF\\newTri Zone\\modes\\attract\\shows\\bonus_light_show.yaml'}
2020-08-10 17:46:50,046 : INFO : AssetManager : Registering Asset: bonus_mult_light_show, File: bonus_mult_light_show.yaml, Default Group: default, Final Config: {'load': 'preload', 'file': 'C:\\Pinball\\My_Design\\MPF\\newTri Zone\\modes\\attract\\shows\\bonus_mult_light_show.yaml'}
2020-08-10 17:46:50,046 : INFO : AssetManager : Registering Asset: bot_AB_light_show, File: bot_AB_light_show.yaml, Default Group: default, Final Config: {'load': 'preload', 'file': 'C:\\Pinball\\My_Design\\MPF\\newTri Zone\\modes\\attract\\shows\\bot_AB_light_show.yaml'}
2020-08-10 17:46:50,046 : INFO : AssetManager : Registering Asset: drop_light_show, File: drop_light_show.yaml, Default Group: default, Final Config: {'load': 'preload', 'file': 'C:\\Pinball\\My_Design\\MPF\\newTri Zone\\modes\\attract\\shows\\drop_light_show.yaml'}
2020-08-10 17:46:50,046 : INFO : AssetManager : Registering Asset: special_alt_light_show, File: special_alt_light_show.yaml, Default Group: default, Final Config: {'load': 'preload', 'file': 'C:\\Pinball\\My_Design\\MPF\\newTri Zone\\modes\\attract\\shows\\special_alt_light_show.yaml'}
2020-08-10 17:46:50,046 : INFO : AssetManager : Registering Asset: top_light_show, File: top_light_show.yaml, Default Group: default, Final Config: {'load': 'preload', 'file': 'C:\\Pinball\\My_Design\\MPF\\newTri Zone\\modes\\attract\\shows\\top_light_show.yaml'}
2020-08-10 17:46:50,047 : INFO : AssetManager : Registering Asset: tri_light_show, File: tri_light_show.yaml, Default Group: default, Final Config: {'load': 'preload', 'file': 'C:\\Pinball\\My_Design\\MPF\\newTri Zone\\modes\\attract\\shows\\tri_light_show.yaml'}
2020-08-10 17:46:50,047 : INFO : AssetManager : Registering Asset: widget_test_loop, File: widget_test_loop.yaml, Default Group: default, Final Config: {'load': 'preload', 'file': 'C:\\Pinball\\My_Design\\MPF\\newTri Zone\\modes\\attract\\shows\\widget_test_loop.yaml'}
2020-08-10 17:46:50,047 : INFO : AssetManager : Registering Asset: zone_light_show, File: zone_light_show.yaml, Default Group: default, Final Config: {'load': 'preload', 'file': 'C:\\Pinball\\My_Design\\MPF\\newTri Zone\\modes\\attract\\shows\\zone_light_show.yaml'}
2020-08-10 17:46:50,047 : INFO : AssetManager : Registering Asset: _safe_attract_display_loop, File: _safe_attract_display_loop.yaml, Default Group: default, Final Config: {'load': 'preload', 'file': 'C:\\Pinball\\My_Design\\MPF\\newTri Zone\\modes\\attract\\shows\\_safe_attract_display_loop.yaml'}
2020-08-10 17:46:50,051 : INFO : ConfigProcessor : Loading config from cache: C:\Users\David\AppData\Local\Temp\0550d32df73a28d01cb2a61e81ef1cba.mpf_cache
2020-08-10 17:46:50,059 : INFO : EventManager : Event: ======'loading_assets'====== Args={'total': 10, 'loaded': 1, 'remaining': 9, 'percent': 10}
2020-08-10 17:46:50,059 : INFO : AssetManager : Loading assets: 1/10 (10%)
2020-08-10 17:46:50,059 : INFO : ConfigProcessor : Loading config from cache: C:\Users\David\AppData\Local\Temp\5657eacfad04edbe1eb38ddd53d3503c.mpf_cache
2020-08-10 17:46:50,061 : INFO : ConfigProcessor : Loading config from cache: C:\Users\David\AppData\Local\Temp\321cb7aeaa3ce2c4e09037c60376fd1e.mpf_cache
2020-08-10 17:46:50,062 : INFO : ConfigProcessor : Loading config from cache: C:\Users\David\AppData\Local\Temp\fb02a43ff80a8451bd70aa3ad992cdf6.mpf_cache
2020-08-10 17:46:50,064 : INFO : ConfigProcessor : Loading config from cache: C:\Users\David\AppData\Local\Temp\20c600688dd9c8ee2db3edba7332deba.mpf_cache
2020-08-10 17:46:50,066 : INFO : ConfigProcessor : Loading config from cache: C:\Users\David\AppData\Local\Temp\887f5174675615f2805c2f7fb9c752db.mpf_cache
2020-08-10 17:46:50,068 : INFO : ConfigProcessor : Loading config from cache: C:\Users\David\AppData\Local\Temp\03228e414b70203978ff6ca73d2f6f88.mpf_cache
2020-08-10 17:46:50,069 : INFO : ConfigProcessor : Loading config from cache: C:\Users\David\AppData\Local\Temp\afe9770c109062a12255a18ac67d943c.mpf_cache
2020-08-10 17:46:50,076 : INFO : ConfigProcessor : Loading config from cache: C:\Users\David\AppData\Local\Temp\9e9ef5a25ada92030ea946954f937c24.mpf_cache
2020-08-10 17:46:50,078 : INFO : ConfigProcessor : Loading config from cache: C:\Users\David\AppData\Local\Temp\e1d8bc40c94209666ff3dc7eb7c32eca.mpf_cache
2020-08-10 17:46:50,088 : INFO : EventManager : Event: ======'loading_assets'====== Args={'total': 10, 'loaded': 10, 'remaining': 0, 'percent': 100}
2020-08-10 17:46:50,088 : INFO : AssetManager : Asset loading took: 5.867469072341919
2020-08-10 17:46:50,089 : INFO : EventManager : Event: ======'asset_loading_complete'====== Args={}
2020-08-10 17:46:50,089 : INFO : AssetManager : Loading assets: 10/10 (100%)
2020-08-10 17:46:50,089 : INFO : EventManager : Event: ======'init_phase_4'====== Args={}
2020-08-10 17:46:50,109 : INFO : EventManager : Event: ======'machine_var_audits_events_game_ended'====== Args={'value': 184, 'prev_value': None, 'change': True}
2020-08-10 17:46:50,109 : INFO : EventManager : Event: ======'machine_var_audits_events_game_started'====== Args={'value': 594, 'prev_value': None, 'change': True}
2020-08-10 17:46:50,110 : INFO : EventManager : Event: ======'machine_var_audits_player_score'====== Args={'value': {'average': 19247.070063694267, 'top': [291650, 210000, 202000, 200500, 200000, 180000, 175000, 160000, 160000, 151210], 'total': 314}, 'prev_value': None, 'change': True}
2020-08-10 17:46:50,110 : INFO : EventManager : Event: ======'machine_var_audits_shots_Abot'====== Args={'value': 23, 'prev_value': None, 'change': True}
2020-08-10 17:46:50,111 : INFO : EventManager : Event: ======'machine_var_audits_shots_Ashot'====== Args={'value': 302, 'prev_value': None, 'change': True}
2020-08-10 17:46:50,111 : INFO : EventManager : Event: ======'machine_var_audits_shots_Atop'====== Args={'value': 49, 'prev_value': None, 'change': True}
2020-08-10 17:46:50,111 : INFO : EventManager : Event: ======'machine_var_audits_shots_Bbot'====== Args={'value': 8, 'prev_value': None, 'change': True}
2020-08-10 17:46:50,112 : INFO : EventManager : Event: ======'machine_var_audits_shots_Bshot'====== Args={'value': 741, 'prev_value': None, 'change': True}
2020-08-10 17:46:50,112 : INFO : EventManager : Event: ======'machine_var_audits_shots_Btop'====== Args={'value': 40, 'prev_value': None, 'change': True}
2020-08-10 17:46:50,113 : INFO : EventManager : Event: ======'machine_var_audits_shots_E'====== Args={'value': 289, 'prev_value': None, 'change': True}
2020-08-10 17:46:50,114 : INFO : EventManager : Event: ======'machine_var_audits_shots_EJ'====== Args={'value': 6, 'prev_value': None, 'change': True}
2020-08-10 17:46:50,114 : INFO : EventManager : Event: ======'machine_var_audits_shots_Eject'====== Args={'value': 11, 'prev_value': None, 'change': True}
2020-08-10 17:46:50,115 : INFO : EventManager : Event: ======'machine_var_audits_shots_I'====== Args={'value': 284, 'prev_value': None, 'change': True}
2020-08-10 17:46:50,115 : INFO : EventManager : Event: ======'machine_var_audits_shots_LeftPop'====== Args={'value': 39, 'prev_value': None, 'change': True}
2020-08-10 17:46:50,116 : INFO : EventManager : Event: ======'machine_var_audits_shots_N'====== Args={'value': 304, 'prev_value': None, 'change': True}
2020-08-10 17:46:50,116 : INFO : EventManager : Event: ======'machine_var_audits_shots_O'====== Args={'value': 324, 'prev_value': None, 'change': True}
2020-08-10 17:46:50,117 : INFO : EventManager : Event: ======'machine_var_audits_shots_R'====== Args={'value': 377, 'prev_value': None, 'change': True}
2020-08-10 17:46:50,117 : INFO : EventManager : Event: ======'machine_var_audits_shots_RightPop'====== Args={'value': 28, 'prev_value': None, 'change': True}
2020-08-10 17:46:50,118 : INFO : EventManager : Event: ======'machine_var_audits_shots_S'====== Args={'value': 26, 'prev_value': None, 'change': True}
2020-08-10 17:46:50,119 : INFO : EventManager : Event: ======'machine_var_audits_shots_Spin'====== Args={'value': 90, 'prev_value': None, 'change': True}
2020-08-10 17:46:50,119 : INFO : EventManager : Event: ======'machine_var_audits_shots_T'====== Args={'value': 231, 'prev_value': None, 'change': True}
2020-08-10 17:46:50,120 : INFO : EventManager : Event: ======'machine_var_audits_shots_TopPop'====== Args={'value': 28, 'prev_value': None, 'change': True}
2020-08-10 17:46:50,121 : INFO : EventManager : Event: ======'machine_var_audits_shots_Z'====== Args={'value': 324, 'prev_value': None, 'change': True}
2020-08-10 17:46:50,121 : INFO : EventManager : Event: ======'machine_var_audits_shots_botA'====== Args={'value': 37, 'prev_value': None, 'change': True}
2020-08-10 17:46:50,122 : INFO : EventManager : Event: ======'machine_var_audits_shots_botB'====== Args={'value': 29, 'prev_value': None, 'change': True}
2020-08-10 17:46:50,122 : INFO : EventManager : Event: ======'machine_var_audits_shots_left_ol'====== Args={'value': 32, 'prev_value': None, 'change': True}
2020-08-10 17:46:50,123 : INFO : EventManager : Event: ======'machine_var_audits_shots_out_left'====== Args={'value': 17, 'prev_value': None, 'change': True}
2020-08-10 17:46:50,124 : INFO : EventManager : Event: ======'machine_var_audits_shots_out_right'====== Args={'value': 12, 'prev_value': None, 'change': True}
2020-08-10 17:46:50,124 : INFO : EventManager : Event: ======'machine_var_audits_shots_right_ol'====== Args={'value': 35, 'prev_value': None, 'change': True}
2020-08-10 17:46:50,125 : INFO : EventManager : Event: ======'machine_var_audits_shots_standup_1'====== Args={'value': 2, 'prev_value': None, 'change': True}
2020-08-10 17:46:50,126 : INFO : EventManager : Event: ======'machine_var_audits_shots_standup_1_skill'====== Args={'value': 2, 'prev_value': None, 'change': True}
2020-08-10 17:46:50,126 : INFO : EventManager : Event: ======'machine_var_audits_shots_standup_3'====== Args={'value': 11, 'prev_value': None, 'change': True}
2020-08-10 17:46:50,127 : INFO : EventManager : Event: ======'machine_var_audits_shots_standup_3_skill'====== Args={'value': 11, 'prev_value': None, 'change': True}
2020-08-10 17:46:50,128 : INFO : EventManager : Event: ======'machine_var_audits_shots_standup_4'====== Args={'value': 1, 'prev_value': None, 'change': True}
2020-08-10 17:46:50,128 : INFO : EventManager : Event: ======'machine_var_audits_shots_standup_4_skill'====== Args={'value': 1, 'prev_value': None, 'change': True}
2020-08-10 17:46:50,129 : INFO : EventManager : Event: ======'machine_var_audits_shots_topA'====== Args={'value': 157, 'prev_value': None, 'change': True}
2020-08-10 17:46:50,130 : INFO : EventManager : Event: ======'machine_var_audits_shots_topB'====== Args={'value': 106, 'prev_value': None, 'change': True}
2020-08-10 17:46:50,130 : INFO : EventManager : Event: ======'machine_var_audits_switches_s_E_drop'====== Args={'value': 295, 'prev_value': None, 'change': True}
2020-08-10 17:46:50,131 : INFO : EventManager : Event: ======'machine_var_audits_switches_s_I'====== Args={'value': 300, 'prev_value': None, 'change': True}
2020-08-10 17:46:50,132 : INFO : EventManager : Event: ======'machine_var_audits_switches_s_N_drop'====== Args={'value': 318, 'prev_value': None, 'change': True}
2020-08-10 17:46:50,132 : INFO : EventManager : Event: ======'machine_var_audits_switches_s_O_drop'====== Args={'value': 327, 'prev_value': None, 'change': True}
2020-08-10 17:46:50,133 : INFO : EventManager : Event: ======'machine_var_audits_switches_s_R'====== Args={'value': 392, 'prev_value': None, 'change': True}
2020-08-10 17:46:50,134 : INFO : EventManager : Event: ======'machine_var_audits_switches_s_T'====== Args={'value': 243, 'prev_value': None, 'change': True}
2020-08-10 17:46:50,134 : INFO : EventManager : Event: ======'machine_var_audits_switches_s_ZONE_series'====== Args={'value': 0, 'prev_value': None, 'change': True}
2020-08-10 17:46:50,135 : INFO : EventManager : Event: ======'machine_var_audits_switches_s_Z_drop'====== Args={'value': 335, 'prev_value': None, 'change': True}
2020-08-10 17:46:50,136 : INFO : EventManager : Event: ======'machine_var_audits_switches_s_bl_sup'====== Args={'value': 14, 'prev_value': None, 'change': True}
2020-08-10 17:46:50,137 : INFO : EventManager : Event: ======'machine_var_audits_switches_s_br_sup'====== Args={'value': 118, 'prev_value': None, 'change': True}
2020-08-10 17:46:50,138 : INFO : EventManager : Event: ======'machine_var_audits_switches_s_c_coin'====== Args={'value': 4, 'prev_value': None, 'change': True}
2020-08-10 17:46:50,138 : INFO : EventManager : Event: ======'machine_var_audits_switches_s_eject'====== Args={'value': 19, 'prev_value': None, 'change': True}
2020-08-10 17:46:50,139 : INFO : EventManager : Event: ======'machine_var_audits_switches_s_hs_reset'====== Args={'value': 18, 'prev_value': None, 'change': True}
2020-08-10 17:46:50,140 : INFO : EventManager : Event: ======'machine_var_audits_switches_s_l_coin'====== Args={'value': 2, 'prev_value': None, 'change': True}
2020-08-10 17:46:50,141 : INFO : EventManager : Event: ======'machine_var_audits_switches_s_l_flip'====== Args={'value': 17, 'prev_value': None, 'change': True}
2020-08-10 17:46:50,141 : INFO : EventManager : Event: ======'machine_var_audits_switches_s_l_inlane'====== Args={'value': 331, 'prev_value': None, 'change': True}
2020-08-10 17:46:50,142 : INFO : EventManager : Event: ======'machine_var_audits_switches_s_l_outlane'====== Args={'value': 92, 'prev_value': None, 'change': True}
2020-08-10 17:46:50,143 : INFO : EventManager : Event: ======'machine_var_audits_switches_s_l_pop'====== Args={'value': 39, 'prev_value': None, 'change': True}
2020-08-10 17:46:50,144 : INFO : EventManager : Event: ======'machine_var_audits_switches_s_l_sling'====== Args={'value': 70, 'prev_value': None, 'change': True}
2020-08-10 17:46:50,144 : INFO : EventManager : Event: ======'machine_var_audits_switches_s_outhole'====== Args={'value': 592, 'prev_value': None, 'change': True}
2020-08-10 17:46:50,145 : INFO : EventManager : Event: ======'machine_var_audits_switches_s_r_coin'====== Args={'value': 11, 'prev_value': None, 'change': True}
2020-08-10 17:46:50,146 : INFO : EventManager : Event: ======'machine_var_audits_switches_s_r_flip'====== Args={'value': 47, 'prev_value': None, 'change': True}
2020-08-10 17:46:50,147 : INFO : EventManager : Event: ======'machine_var_audits_switches_s_r_inlane'====== Args={'value': 758, 'prev_value': None, 'change': True}
2020-08-10 17:46:50,148 : INFO : EventManager : Event: ======'machine_var_audits_switches_s_r_outlane'====== Args={'value': 65, 'prev_value': None, 'change': True}
2020-08-10 17:46:50,149 : INFO : EventManager : Event: ======'machine_var_audits_switches_s_r_pop'====== Args={'value': 28, 'prev_value': None, 'change': True}
2020-08-10 17:46:50,149 : INFO : EventManager : Event: ======'machine_var_audits_switches_s_r_sling'====== Args={'value': 63, 'prev_value': None, 'change': True}
2020-08-10 17:46:50,150 : INFO : EventManager : Event: ======'machine_var_audits_switches_s_spin'====== Args={'value': 116, 'prev_value': None, 'change': True}
2020-08-10 17:46:50,151 : INFO : EventManager : Event: ======'machine_var_audits_switches_s_start'====== Args={'value': 253, 'prev_value': None, 'change': True}
2020-08-10 17:46:50,152 : INFO : EventManager : Event: ======'machine_var_audits_switches_s_t_A'====== Args={'value': 248, 'prev_value': None, 'change': True}
2020-08-10 17:46:50,153 : INFO : EventManager : Event: ======'machine_var_audits_switches_s_t_B'====== Args={'value': 193, 'prev_value': None, 'change': True}
2020-08-10 17:46:50,154 : INFO : EventManager : Event: ======'machine_var_audits_switches_s_t_pop'====== Args={'value': 28, 'prev_value': None, 'change': True}
2020-08-10 17:46:50,155 : INFO : EventManager : Event: ======'machine_var_audits_switches_s_tilt_ball'====== Args={'value': 5, 'prev_value': None, 'change': True}
2020-08-10 17:46:50,155 : INFO : EventManager : Event: ======'machine_var_audits_switches_s_tilt_pend'====== Args={'value': 13, 'prev_value': None, 'change': True}
2020-08-10 17:46:50,156 : INFO : EventManager : Event: ======'machine_var_audits_switches_s_tilt_slam_cd'====== Args={'value': 6, 'prev_value': None, 'change': True}
2020-08-10 17:46:50,157 : INFO : EventManager : Event: ======'machine_var_audits_switches_s_tilt_slam_pf'====== Args={'value': 2, 'prev_value': None, 'change': True}
2020-08-10 17:46:50,158 : INFO : EventManager : Event: ======'machine_var_audits_switches_s_tl_sup'====== Args={'value': 40, 'prev_value': None, 'change': True}
2020-08-10 17:46:50,159 : INFO : EventManager : Event: ======'machine_var_audits_switches_s_tr_sup'====== Args={'value': 13, 'prev_value': None, 'change': True}
2020-08-10 17:46:50,160 : INFO : EventManager : Event: ======'init_phase_5'====== Args={}
2020-08-10 17:46:50,172 : INFO : EventManager : Event: ======'init_done'====== Args={}
2020-08-10 17:46:50,172 : INFO : EventManager : Event: ======'machine_reset_phase_1'====== Args={}
2020-08-10 17:46:50,175 : INFO : EventManager : Event: ======'slide_welcome_slide_removed'====== Args={'_from_bcp': True}
2020-08-10 17:46:50,180 : INFO : EventManager : Event: ======'slide_welcome_slide_created'====== Args={'_from_bcp': True}
2020-08-10 17:46:50,181 : INFO : EventManager : Event: ======'machine_reset_phase_2'====== Args={}
2020-08-10 17:46:50,181 : INFO : EventManager : Event: ======'machine_reset_phase_3'====== Args={}
2020-08-10 17:46:50,181 : INFO : EventManager : Event: ======'mode_tilt_will_start'====== Args={'queue': <QueuedEvent>}
2020-08-10 17:46:50,182 : INFO : EventManager : Event: ======'mode_tilt_starting'====== Args={'queue': <QueuedEvent>}
2020-08-10 17:46:50,182 : INFO : Mode.tilt : Started. Priority: 1000000
2020-08-10 17:46:50,183 : INFO : EventManager : Event: ======'mode_tilt_started'====== Args={'queue': <QueuedEvent>}
2020-08-10 17:46:50,183 : INFO : EventManager : Event: ======'reset_complete'====== Args={}
2020-08-10 17:46:50,184 : INFO : EventManager : Event: ======'mode_credits_will_start'====== Args={}
2020-08-10 17:46:50,185 : INFO : EventManager : Event: ======'mode_credits_starting'====== Args={}
2020-08-10 17:46:50,185 : INFO : EventManager : Event: ======'mode_attract_will_start'====== Args={}
2020-08-10 17:46:50,187 : INFO : EventManager : Event: ======'mode_attract_starting'====== Args={}
2020-08-10 17:46:50,187 : INFO : Mode.attract : Started. Priority: 10
2020-08-10 17:46:50,187 : INFO : EventManager : Event: ======'mode_attract_started'====== Args={}
2020-08-10 17:46:50,188 : INFO : EventManager : Event: ======'collecting_balls_complete'====== Args={}
2020-08-10 17:46:50,188 : INFO : Mode.credits : Started. Priority: 1000010
2020-08-10 17:46:50,188 : INFO : EventManager : Event: ======'mode_credits_started'====== Args={}
2020-08-10 17:46:50,189 : INFO : Mode.credits : Credit units per game: 2
2020-08-10 17:46:50,189 : INFO : EventManager : Event: ======'machine_var_price_per_game_raw_0'====== Args={'value': 0.5, 'prev_value': None, 'change': True}
2020-08-10 17:46:50,190 : INFO : EventManager : Event: ======'machine_var_price_per_game_string_0'====== Args={'value': '1 CREDITS $0.5', 'prev_value': None, 'change': True}
2020-08-10 17:46:50,191 : INFO : EventManager : Event: ======'machine_var_price_per_game_raw_1'====== Args={'value': 2.0, 'prev_value': None, 'change': True}
2020-08-10 17:46:50,192 : INFO : EventManager : Event: ======'machine_var_price_per_game_string_1'====== Args={'value': '5 CREDITS $2.0', 'prev_value': None, 'change': True}
2020-08-10 17:46:50,193 : INFO : EventManager : Event: ======'machine_var_credit_units'====== Args={'value': 0, 'prev_value': None, 'change': True}
2020-08-10 17:46:50,194 : INFO : EventManager : Event: ======'machine_var_credits_string'====== Args={'value': ' ', 'prev_value': 'Free Play', 'change': True}
2020-08-10 17:46:50,195 : INFO : EventManager : Event: ======'machine_var_credits_value'====== Args={'value': '0', 'prev_value': None, 'change': True}
2020-08-10 17:46:50,196 : INFO : EventManager : Event: ======'machine_var_credits_whole_num'====== Args={'value': 0, 'prev_value': None, 'change': True}
2020-08-10 17:46:50,198 : INFO : EventManager : Event: ======'machine_var_credits_numerator'====== Args={'value': 0, 'prev_value': None, 'change': True}
2020-08-10 17:46:50,199 : INFO : EventManager : Event: ======'machine_var_credits_denominator'====== Args={'value': 0, 'prev_value': None, 'change': True}
2020-08-10 17:46:50,205 : INFO : EventManager : Event: ======'machine_var_credits_string'====== Args={'value': 'Credits 0', 'prev_value': ' ', 'change': True}
2020-08-10 17:46:50,207 : INFO : EventManager : Event: ======'machine_var_credits_denominator'====== Args={'value': 2, 'prev_value': 0, 'change': 2}
2020-08-10 17:46:50,237 : INFO : EventManager : Event: ======'slide_welcome_slide_active'====== Args={'_from_bcp': True}
2020-08-10 17:46:50,237 : INFO : EventManager : Event: ======'slide_awesome_slide_created'====== Args={'_from_bcp': True}
2020-08-10 17:46:50,237 : INFO : EventManager : Event: ======'slide_awesome_slide_active'====== Args={'_from_bcp': True}
2020-08-10 17:46:50,238 : INFO : Machine : Starting the main run loop.
2020-08-10 17:46:50,360 : INFO : BcpServer : New client connected.
2020-08-10 17:46:53,208 : INFO : EventManager : Event: ======'slide_press_start_created'====== Args={'_from_bcp': True}
2020-08-10 17:46:53,211 : INFO : EventManager : Event: ======'slide_press_start_active'====== Args={'_from_bcp': True}
2020-08-10 17:46:53,272 : INFO : SwitchController : <<<<<<< 's_r_coin' active >>>>>>>
2020-08-10 17:46:53,272 : INFO : Mode.credits : Credit switch hit. Credit Added. Value: 1.0. Type: token
2020-08-10 17:46:53,272 : INFO : Mode.credits : Credit units added
2020-08-10 17:46:53,273 : INFO : EventManager : Event: ======'machine_var_credit_units'====== Args={'value': 4.0, 'prev_value': 0, 'change': 4.0}
2020-08-10 17:46:53,274 : INFO : EventManager : Event: ======'machine_var_credits_string'====== Args={'value': 'Credits 2', 'prev_value': 'Credits 0', 'change': True}
2020-08-10 17:46:53,275 : INFO : EventManager : Event: ======'machine_var_credits_value'====== Args={'value': '2', 'prev_value': '0', 'change': True}
2020-08-10 17:46:53,280 : INFO : EventManager : Event: ======'machine_var_credits_whole_num'====== Args={'value': 2, 'prev_value': 0, 'change': 2}
2020-08-10 17:46:53,281 : INFO : EventManager : Event: ======'credits_added'====== Args={}
2020-08-10 17:46:53,313 : INFO : EventManager : Event: ======'slide_credit_added_slide_created'====== Args={'_from_bcp': True}
2020-08-10 17:46:53,315 : INFO : EventManager : Event: ======'slide_credit_added_slide_active'====== Args={'_from_bcp': True}
2020-08-10 17:46:53,413 : INFO : SwitchController : <<<<<<< 's_r_coin' inactive >>>>>>>
2020-08-10 17:46:55,281 : INFO : EventManager : Event: ======'slide_credit_added_slide_removed'====== Args={'_from_bcp': True}
2020-08-10 17:46:55,282 : INFO : EventManager : Event: ======'slide_press_start_active'====== Args={'_from_bcp': True}
2020-08-10 17:46:55,440 : INFO : SwitchController : <<<<<<< 's_r_coin' active >>>>>>>
2020-08-10 17:46:55,441 : INFO : Mode.credits : Credit switch hit. Credit Added. Value: 1.0. Type: token
2020-08-10 17:46:55,441 : INFO : Mode.credits : Credit units added
2020-08-10 17:46:55,441 : INFO : EventManager : Event: ======'machine_var_credit_units'====== Args={'value': 10.0, 'prev_value': 4.0, 'change': 6.0}
2020-08-10 17:46:55,442 : INFO : EventManager : Event: ======'machine_var_credits_string'====== Args={'value': 'Credits 5', 'prev_value': 'Credits 2', 'change': True}
2020-08-10 17:46:55,444 : INFO : EventManager : Event: ======'machine_var_credits_value'====== Args={'value': '5', 'prev_value': '2', 'change': True}
2020-08-10 17:46:55,445 : INFO : EventManager : Event: ======'machine_var_credits_whole_num'====== Args={'value': 5, 'prev_value': 2, 'change': 3}
2020-08-10 17:46:55,446 : INFO : EventManager : Event: ======'credits_added'====== Args={}
2020-08-10 17:46:55,495 : INFO : EventManager : Event: ======'slide_credit_added_slide_removed'====== Args={'_from_bcp': True}
2020-08-10 17:46:55,495 : INFO : EventManager : Event: ======'slide_credit_added_slide_created'====== Args={'_from_bcp': True}
2020-08-10 17:46:55,496 : INFO : EventManager : Event: ======'slide_credit_added_slide_active'====== Args={'_from_bcp': True}
2020-08-10 17:46:55,596 : INFO : SwitchController : <<<<<<< 's_r_coin' inactive >>>>>>>
2020-08-10 17:46:56,203 : INFO : EventManager : Event: ======'slide_mission_pinball_created'====== Args={'_from_bcp': True}
2020-08-10 17:46:57,475 : INFO : EventManager : Event: ======'slide_credit_added_slide_removed'====== Args={'_from_bcp': True}
2020-08-10 17:46:57,476 : INFO : EventManager : Event: ======'slide_mission_pinball_active'====== Args={'_from_bcp': True}
2020-08-10 17:47:02,217 : INFO : EventManager : Event: ======'slide_GameCard_created'====== Args={'_from_bcp': True}
2020-08-10 17:47:02,218 : INFO : EventManager : Event: ======'slide_GameCard_active'====== Args={'_from_bcp': True}
2020-08-10 17:47:05,219 : INFO : EventManager : Event: ======'slide_HowTo_created'====== Args={'_from_bcp': True}
2020-08-10 17:47:05,224 : INFO : EventManager : Event: ======'slide_HowTo_active'====== Args={'_from_bcp': True}
2020-08-10 17:47:13,230 : INFO : EventManager : Event: ======'slide_last_game_score_slide1_created'====== Args={'_from_bcp': True}
2020-08-10 17:47:13,231 : INFO : EventManager : Event: ======'slide_last_game_score_slide1_active'====== Args={'_from_bcp': True}
2020-08-10 17:47:21,224 : INFO : EventManager : Event: ======'slide_show_high_scores_created'====== Args={'_from_bcp': True}
2020-08-10 17:47:21,251 : INFO : EventManager : Event: ======'slide_show_high_scores_active'====== Args={'_from_bcp': True}
2020-08-10 17:47:22,190 : INFO : EventManager : Event: ======'slide_awesome_slide_removed'====== Args={'_from_bcp': True}
2020-08-10 17:47:22,194 : INFO : EventManager : Event: ======'slide_awesome_slide_created'====== Args={'_from_bcp': True}
2020-08-10 17:47:22,196 : INFO : EventManager : Event: ======'slide_awesome_slide_active'====== Args={'_from_bcp': True}
2020-08-10 17:47:25,213 : INFO : EventManager : Event: ======'slide_press_start_removed'====== Args={'_from_bcp': True}
2020-08-10 17:47:25,214 : INFO : EventManager : Event: ======'slide_press_start_created'====== Args={'_from_bcp': True}
2020-08-10 17:47:25,216 : INFO : EventManager : Event: ======'slide_press_start_active'====== Args={'_from_bcp': True}
2020-08-10 17:47:28,202 : INFO : EventManager : Event: ======'slide_mission_pinball_removed'====== Args={'_from_bcp': True}
2020-08-10 17:47:28,206 : INFO : EventManager : Event: ======'slide_mission_pinball_created'====== Args={'_from_bcp': True}
2020-08-10 17:47:28,208 : INFO : EventManager : Event: ======'slide_mission_pinball_active'====== Args={'_from_bcp': True}
2020-08-10 17:47:34,203 : INFO : EventManager : Event: ======'slide_GameCard_removed'====== Args={'_from_bcp': True}
2020-08-10 17:47:34,206 : INFO : EventManager : Event: ======'slide_GameCard_created'====== Args={'_from_bcp': True}
2020-08-10 17:47:34,208 : INFO : EventManager : Event: ======'slide_GameCard_active'====== Args={'_from_bcp': True}
2020-08-10 17:47:37,194 : INFO : EventManager : Event: ======'slide_HowTo_removed'====== Args={'_from_bcp': True}
2020-08-10 17:47:37,238 : INFO : EventManager : Event: ======'slide_HowTo_created'====== Args={'_from_bcp': True}
2020-08-10 17:47:37,239 : INFO : EventManager : Event: ======'slide_HowTo_active'====== Args={'_from_bcp': True}
2020-08-10 17:47:45,192 : INFO : EventManager : Event: ======'slide_last_game_score_slide1_removed'====== Args={'_from_bcp': True}
2020-08-10 17:47:45,234 : INFO : EventManager : Event: ======'slide_last_game_score_slide1_created'====== Args={'_from_bcp': True}
2020-08-10 17:47:45,234 : INFO : EventManager : Event: ======'slide_last_game_score_slide1_active'====== Args={'_from_bcp': True}
2020-08-10 17:47:48,613 : INFO : Machine : Shutting down...
2020-08-10 17:47:48,614 : INFO : EventManager : Event: ======'shutdown'====== Args={}
2020-08-10 17:47:48,619 : INFO : root : MPF run loop ended.
